
=== Sat Jan 24 20:38:37 2026

Packages were changed.
Update Mode: updateDependencies

The following packages were added:
  com.unity.ai.navigation@2.0.9
  com.unity.modules.accessibility@1.0.0
  com.unity.multiplayer.center@1.0.0
The following packages were updated:
  com.unity.collab-proxy from version 2.0.4 to 2.9.3
  com.unity.formats.fbx from version 5.1.3 to 5.1.4
  com.unity.ide.rider from version 3.0.21 to 3.0.37
  com.unity.ide.visualstudio from version 2.0.18 to 2.0.23
  com.unity.test-framework from version 1.1.33 to 1.5.1
  com.unity.timeline from version 1.4.8 to 1.8.9
  com.unity.ugui from version 1.0.0 to 2.0.0
The following packages were removed:
  com.unity.textmeshpro@3.0.6

=== Mon Jun 15 14:06:52 2026

Packages were changed.
Update Mode: updateDependencies

The following packages were updated:
  com.unity.ai.navigation from version 2.0.9 to 2.0.10
  com.unity.collab-proxy from version 2.9.3 to 2.11.3
  com.unity.ide.visualstudio from version 2.0.23 to 2.0.26
  com.unity.test-framework from version 1.5.1 to 1.6.0
  com.unity.timeline from version 1.8.9 to 1.8.10
